// Jest Snapshot v1, https://goo.gl/fbAQLP

exports[`expect to render a feed post container component 1`] = `
<div
  className="feed-post-container"
>
  <div
    className="profile-and-options"
  >
    <UserInfo
      styleType="feed"
      userInfoArray={
        Array [
          Object {
            "location": "Bali",
            "name": "Test User",
            "profilePhotoFileString": "sndfjnbss",
            "username": "test-user",
          },
        ]
      }
    />
  </div>
  <img
    alt="user"
    className="feed-post-photo"
    src="data:image/jpeg;base64,string"
  />
  <div
    className="caption-and-reactions"
  >
    <div
      className="caption"
    >
      <span
        className="username"
      >
        test-user
      </span>
       
      test caption
    </div>
    <span
      className="date"
    >
      March 19th 2021
    </span>
  </div>
</div>
`;
