// Jest Snapshot v1, https://goo.gl/fbAQLP

exports[`renders a user-suggestions component 1`] = `
<Modal
  animation={false}
  autoFocus={true}
  backdrop={true}
  centered={true}
  clearUsersPhotoFileArray={[Function]}
  dialogAs={
    Object {
      "$$typeof": Symbol(react.forward_ref),
      "render": [Function],
    }
  }
  dialogClassName="followers-following-modal"
  enforceFocus={true}
  followersOrFollowing={Array []}
  keyboard={true}
  onHide={[Function]}
  restoreFocus={true}
  show={true}
  usersProfilePhotoArray={Array []}
>
  <ModalHeader
    className="followers-following-modal-header"
    closeButton={true}
    closeLabel="Close"
  >
    <span
      className="header-text"
    >
      Followers
    </span>
  </ModalHeader>
  <ModalBody
    className="followers-following-modal-body"
  >
    <UserInfo
      styleType="modal"
      userInfoArray={Array []}
    />
  </ModalBody>
</Modal>
`;
