// Jest Snapshot v1, https://goo.gl/fbAQLP

exports[`renders a confirmation modal component 1`] = `
<Modal
  actionlabel="action-label"
  animation={true}
  autoFocus={true}
  backdrop={true}
  bodytext="body-text"
  centered={true}
  dialogAs={
    Object {
      "$$typeof": Symbol(react.forward_ref),
      "render": [Function],
    }
  }
  dialogClassName="custom-modal"
  enforceFocus={true}
  handleconfirm={[Function]}
  header="header-text"
  keyboard={true}
  onHide={[Function]}
  restoreFocus={true}
  show={true}
  subheader="subheader-text"
>
  <ModalHeader
    closeButton={true}
    closeLabel="Close"
  >
    <ModalTitle
      id="contained-modal-title-vcenter"
    >
      header-text
    </ModalTitle>
  </ModalHeader>
  <ModalBody
    className="body-text"
  >
    <h4>
      subheader-text
    </h4>
    <p>
      body-text
    </p>
  </ModalBody>
  <ModalFooter>
    <Button
      className="button modal-button"
      onClick={[Function]}
    >
      Cancel
    </Button>
    <Button
      className="button modal-button delete-button"
      onClick={[Function]}
    >
      action-label
    </Button>
  </ModalFooter>
</Modal>
`;
