// Jest Snapshot v1, https://goo.gl/fbAQLP

exports[`renders a sign-up component 1`] = `
<div>
  <h4
    className="title"
  >
    Don't have an account yet?
  </h4>
  <div
    className="sub-text"
  >
    <span>
      Sign up below!
    </span>
  </div>
  <form
    className="sign-up-form"
    onSubmit={[Function]}
  >
    <FormInput
      label="name"
      name="name"
      onChange={[Function]}
      type="text"
      value=""
    />
    <FormInput
      label="email"
      name="email"
      onChange={[Function]}
      type="email"
      value=""
    />
    <FormInput
      label="password"
      name="password"
      onChange={[Function]}
      type="password"
      value=""
    />
    <FormInput
      label="confirm password"
      name="passwordConfirm"
      onChange={[Function]}
      type="password"
      value=""
    />
    <div />
    <div
      className="button"
    >
      <Button
        className="submit-button"
        onClick={[Function]}
      >
        Sign Up
      </Button>
    </div>
  </form>
</div>
`;
