// Jest Snapshot v1, https://goo.gl/fbAQLP

exports[`renders an update-password component 1`] = `
<div
  className="settings"
>
  <form
    className="change-info"
    onSubmit={[Function]}
  >
    <span>
      Change your password
    </span>
    <FormInput
      label="current password"
      name="passwordCurrent"
      onChange={[Function]}
      type="password"
      value=""
    />
    <FormInput
      label="new password"
      name="password"
      onChange={[Function]}
      type="password"
      value=""
    />
    <FormInput
      label="confirm new password"
      name="passwordConfirm"
      onChange={[Function]}
      type="password"
      value=""
    />
    <div
      className="button"
    >
      <Button
        className="submit-button settings-button password-button"
        onClick={[Function]}
      >
        <span
          className="update-info password"
        >
          Change Password
        </span>
      </Button>
    </div>
  </form>
  <div
    className="settings-alert"
  />
</div>
`;
