// Jest Snapshot v1, https://goo.gl/fbAQLP

exports[`renders an update-info component 1`] = `
<div
  className="settings"
>
  <form
    className="change-info"
    onSubmit={[Function]}
  >
    <span>
      Update your info
    </span>
    <FormInput
      label="name"
      name="name"
      onChange={[Function]}
      type="text"
      value=""
    />
    <FormInput
      label="email"
      name="email"
      onChange={[Function]}
      type="email"
      value=""
    />
    <div
      className="button"
    >
      <Button
        className="submit-button settings-button"
        onClick={[Function]}
      >
        <span
          className="update-info"
        >
          Update Info
        </span>
      </Button>
    </div>
  </form>
  <div
    className="settings-alert"
  />
  <div>
    <Button
      className="submit-button settings-button delete"
      onClick={[Function]}
    >
      <span>
        Delete Account
      </span>
    </Button>
  </div>
  <CustomModal
    actionlabel="Delete Account"
    bodytext="This action cannot be undone."
    handleconfirm={[Function]}
    header="Confirm Account Deletion"
    onHide={[Function]}
    show={false}
    subheader="Are you sure you want to delete your account?"
  />
</div>
`;
