// Jest Snapshot v1, https://goo.gl/fbAQLP

exports[`renders a forgot password page component 1`] = `
<div>
  <form
    className="forgot-password"
    onSubmit={[Function]}
  >
    <span>
      Enter your email below, and you will be sent a link to reset your password!
    </span>
    <FormInput
      label="email"
      name="email"
      onChange={[Function]}
      type="text"
      value=""
    />
    <div
      className="button"
    >
      <Button
        className="submit-button"
        onClick={[Function]}
      >
        Send Link
      </Button>
    </div>
  </form>
  <div
    className="alert"
  />
</div>
`;
