// Jest Snapshot v1, https://goo.gl/fbAQLP

exports[`renders a my-profile-page component 1`] = `
<div
  className="profile-page"
>
  <div
    className="user-bio"
  >
    <div
      className="avatar-and-details"
    >
      <div
        className="avatar"
      >
        <div
          className="user-bio-photo-placeholder"
        >
          <span
            className="user-bio-photo-placeholder-text"
          >
            No photo
          </span>
        </div>
      </div>
      <div
        className="user-details"
      >
        <div
          className="username-and-edit"
        >
          <span
            className="user-username"
          />
          <NavLink
            className="edit-profile"
            to="/settings"
          >
            <span
              className="edit-text"
            >
              Edit profile
            </span>
          </NavLink>
        </div>
        <NavLink
          className="edit-profile-narrow-screen"
          to="/settings"
        >
          <span
            className="edit-narrow-text"
          >
            Edit profile
          </span>
        </NavLink>
        <div
          className="posts-followers-following-stats"
        >
          <span
            className="user-stat"
          >
            0
             Posts
          </span>
          <span
            className="user-stat"
            onClick={[Function]}
          >
            0
             Followers
          </span>
          <span
            className="user-stat"
            onClick={[Function]}
          >
            0
             Following
          </span>
        </div>
        <div
          className="name-and-bio"
        >
          <span
            className="user-name"
          />
          <span
            className="user-bio"
          />
        </div>
      </div>
    </div>
    <div
      className="name-and-bio-narrow-screen"
    >
      <span
        className="user-name-narrow"
      />
      <span
        className="user-bio-narrow"
      />
    </div>
    <div
      className="posts-followers-following-stats-narrow-screen"
    >
      <ul
        className="stats-list"
      >
        <li
          className="stats-item"
        >
          0
           Posts
        </li>
        <li
          className="stats-item"
          onClick={[Function]}
        >
          0
           Followers
        </li>
        <li
          className="stats-item"
          onClick={[Function]}
        >
          0
           Following
        </li>
      </ul>
    </div>
  </div>
  <div
    className="posts-grid"
  />
  <Connect(PostModal)
    caption=""
    createdAt={2021-01-09T22:39:39.945Z}
    fileString=""
    location=""
    onHide={[Function]}
    onOptionsClick={[Function]}
    postId=""
    show={false}
    userId=""
    userName=""
    userProfilePhotoFile=""
  />
  <PostOptionsModal
    archive={[Function]}
    isCurrentUserPost={true}
    onHide={[Function]}
    show={false}
  />
  <Connect(FollowersOrFollowingModal)
    isFollowersModal={true}
    onHide={[Function]}
    show={false}
    users={null}
  />
</div>
`;
