// Jest Snapshot v1, https://goo.gl/fbAQLP

exports[`renders a reset password page component 1`] = `
<Router
  history={
    Object {
      "action": "POP",
      "block": [Function],
      "canGo": [Function],
      "createHref": [Function],
      "entries": Array [
        Object {
          "hash": "",
          "key": "f4blcg",
          "pathname": "/reset-password/sdvb7bgiy4g3487ew",
          "search": "",
          "state": undefined,
        },
      ],
      "go": [Function],
      "goBack": [Function],
      "goForward": [Function],
      "index": 0,
      "length": 1,
      "listen": [Function],
      "location": Object {
        "hash": "",
        "key": "f4blcg",
        "pathname": "/reset-password/sdvb7bgiy4g3487ew",
        "search": "",
        "state": undefined,
      },
      "push": [Function],
      "replace": [Function],
    }
  }
>
  <Route
    path="/reset-password/:token"
  >
    <ResetPasswordPage
      resetConfirm={null}
      resetError={null}
      resetPasswordStart={[Function]}
    />
  </Route>
</Router>
`;
