// Jest Snapshot v1, https://goo.gl/fbAQLP

exports[`renders a settings page component 1`] = `
<Tabs
  id="settings-page"
  mountOnEnter={false}
  transition={false}
  unmountOnExit={false}
  variant="tabs"
>
  <Tab
    eventKey="update-profile-photo"
    title="Update Profile Photo"
  >
    <Connect(UpdateProfilePhoto) />
  </Tab>
  <Tab
    className="settings"
    eventKey="update-info"
    title="Update Info"
  >
    <Connect(UpdateInfo) />
  </Tab>
  <Tab
    className="settings"
    eventKey="update-password"
    title="Update Password"
  >
    <Connect(UpdatePassword) />
  </Tab>
</Tabs>
`;
